#
# There is insufficient memory for the Java Runtime Environment to continue.
# Native memory allocation (malloc) failed to allocate 1048576 bytes. Error detail: AllocateHeap
# Possible reasons:
#   The system is out of physical RAM or swap space
#   This process is running with CompressedOops enabled, and the Java Heap may be blocking the growth of the native heap
# Possible solutions:
#   Reduce memory load on the system
#   Increase physical memory or swap space
#   Check if swap backing store is full
#   Decrease Java heap size (-Xmx/-Xms)
#   Decrease number of Java threads
#   Decrease Java thread stack sizes (-Xss)
#   Set larger code cache with -XX:ReservedCodeCacheSize=
#   JVM is running with Unscaled Compressed Oops mode in which the Java heap is
#     placed in the first 4GB address space. The Java Heap base address is the
#     maximum limit for the native heap growth. Please use -XX:HeapBaseMinAddress
#     to set the Java Heap base and to place the Java Heap above 4GB virtual address.
# This output file may be truncated or incomplete.
#
#  Out of Memory Error (allocation.cpp:44), pid=1464, tid=13232
#
# JRE version:  (21.0.10+7) (build )
# Java VM: OpenJDK 64-Bit Server VM (21.0.10+7-LTS, mixed mode, sharing, tiered, compressed oops, compressed class ptrs, parallel gc, windows-amd64)
# No core dump will be written. Minidumps are not enabled by default on client versions of Windows
#

---------------  S U M M A R Y ------------

Command Line: --add-modules=ALL-SYSTEM --add-opens=java.base/java.util=ALL-UNNAMED --add-opens=java.base/java.lang=ALL-UNNAMED --add-opens=java.base/sun.nio.fs=ALL-UNNAMED -Declipse.application=org.eclipse.jdt.ls.core.id1 -Dosgi.bundles.defaultStartLevel=4 -Declipse.product=org.eclipse.jdt.ls.core.product -Djava.import.generatesMetadataFilesAtProjectRoot=false -DDetectVMInstallationsJob.disabled=true -Dfile.encoding=utf8 -XX:+UseParallelGC -XX:GCTimeRatio=4 -XX:AdaptiveSizePolicyWeight=90 -Dsun.zip.disableMemoryMapping=true -Xmx2G -Xms100m -Xlog:disable -javaagent:c:\Users\prasi\.vscode\extensions\redhat.java-1.54.0-win32-x64\lombok\lombok-1.18.39-4050.jar -XX:+HeapDumpOnOutOfMemoryError -XX:HeapDumpPath=c:\Users\prasi\AppData\Roaming\Code\User\workspaceStorage\51bd06cf4fd97fdaecf5e061aa176212\redhat.java -Daether.dependencyCollector.impl=bf c:\Users\prasi\.vscode\extensions\redhat.java-1.54.0-win32-x64\server\plugins\org.eclipse.equinox.launcher_1.7.100.v20251111-0406.jar -configuration c:\Users\prasi\AppData\Roaming\Code\User\globalStorage\redhat.java\1.54.0\config_win -data c:\Users\prasi\AppData\Roaming\Code\User\workspaceStorage\51bd06cf4fd97fdaecf5e061aa176212\redhat.java\jdt_ws --pipe=\\.\pipe\lsp-c8fc508cc654dd6a06f3616b8c197202-sock

Host: Intel(R) Core(TM) i7-9750H CPU @ 2.60GHz, 12 cores, 15G,  Windows 11 , 64 bit Build 26100 (10.0.26100.8328)
Time: Tue May 19 10:20:24 2026 Nepal Standard Time elapsed time: 1.504639 seconds (0d 0h 0m 1s)

---------------  T H R E A D  ---------------

Current thread (0x000001dc1e41dd10):  JavaThread "Unknown thread" [_thread_in_vm, id=13232, stack(0x000000a3fb700000,0x000000a3fb800000) (1024K)]

Stack: [0x000000a3fb700000,0x000000a3fb800000]
Native frames: (J=compiled Java code, j=interpreted, Vv=VM code, C=native code)
V  [jvm.dll+0x6d7a39]
V  [jvm.dll+0x8b4b26]
V  [jvm.dll+0x8b70de]
V  [jvm.dll+0x8b77c3]
V  [jvm.dll+0x284346]
V  [jvm.dll+0xc1277]
V  [jvm.dll+0x71518d]
V  [jvm.dll+0x71584c]
V  [jvm.dll+0x6e65d8]
V  [jvm.dll+0x87f17c]
V  [jvm.dll+0x3c49fc]
V  [jvm.dll+0x867e6b]
V  [jvm.dll+0x457b31]
V  [jvm.dll+0x459721]
C  [jli.dll+0x52d0]
C  [ucrtbase.dll+0x37b0]
C  [KERNEL32.DLL+0x2e957]
C  [ntdll.dll+0x427c]


---------------  P R O C E S S  ---------------

Threads class SMR info:
_java_thread_list=0x000001dc1e447a60, length=1, elements={
0x000001dc1e41dd10
}

Java Threads: ( => current thread )
=>0x000001dc1e41dd10 JavaThread "Unknown thread"             [_thread_in_vm, id=13232, stack(0x000000a3fb700000,0x000000a3fb800000) (1024K)]
Total: 1

Other Threads:
  0x000001dc1e2aca00 WatcherThread "VM Periodic Task Thread"        [id=22904, stack(0x000000a3fb900000,0x000000a3fba00000) (1024K)]
  0x000001dc1e43bec0 WorkerThread "GC Thread#0"                     [id=22508, stack(0x000000a3fb800000,0x000000a3fb900000) (1024K)]
Total: 2

Threads with active compile tasks:
Total: 0

VM state: not at safepoint (normal execution)

VM Mutex/Monitor currently owned by a thread: None

Heap address: 0x0000000080000000, size: 2048 MB, Compressed Oops mode: 32-bit

CDS archive(s) mapped at: [0x000001dc35000000-0x000001dc35ba0000-0x000001dc35ba0000), size 12189696, SharedBaseAddress: 0x000001dc35000000, ArchiveRelocationMode: 1.
Compressed class space mapped at: 0x000001dc36000000-0x000001dc76000000, reserved size: 1073741824
Narrow klass base: 0x000001dc35000000, Narrow klass shift: 0, Narrow klass range: 0x100000000

GC Precious Log:
 CardTable entry size: 512
 CPUs: 12 total, 12 available
 Memory: 16088M
 Large Page Support: Disabled
 NUMA Support: Disabled
 Compressed Oops: Enabled (32-bit)
 Alignments: Space 512K, Generation 512K, Heap 2M
 Heap Min Capacity: 100M
 Heap Initial Capacity: 100M
 Heap Max Capacity: 2G
 Pre-touch: Disabled
 Parallel Workers: 10

Heap:
 PSYoungGen      total 29696K, used 512K [0x00000000d5580000, 0x00000000d7680000, 0x0000000100000000)
  eden space 25600K, 2% used [0x00000000d5580000,0x00000000d5600020,0x00000000d6e80000)
  from space 4096K, 0% used [0x00000000d7280000,0x00000000d7280000,0x00000000d7680000)
  to   space 4096K, 0% used [0x00000000d6e80000,0x00000000d6e80000,0x00000000d7280000)
 ParOldGen       total 68608K, used 0K [0x0000000080000000, 0x0000000084300000, 0x00000000d5580000)
  object space 68608K, 0% used [0x0000000080000000,0x0000000080000000,0x0000000084300000)
 Metaspace       used 0K, committed 0K, reserved 1048576K
  class space    used 0K, committed 0K, reserved 1048576K

Card table byte_map: [0x000001dc1ddc0000,0x000001dc1e1d0000] _byte_map_base: 0x000001dc1d9c0000

Marking Bits: (ParMarkBitMap*) 0x00007ff805c13450
 Begin Bits: [0x000001dc308d0000, 0x000001dc328d0000)
 End Bits:   [0x000001dc328d0000, 0x000001dc348d0000)

Polling page: 0x000001dc1c260000

Metaspace:

Usage:
  Non-class:      0 bytes used.
      Class:      0 bytes used.
       Both:      0 bytes used.

Virtual space:
  Non-class space:        0 bytes reserved,       0 bytes (  ?%) committed,  0 nodes.
      Class space:        1.00 GB reserved,       0 bytes (  0%) committed,  1 nodes.
             Both:        1.00 GB reserved,       0 bytes (  0%) committed. 

Chunk freelists:
   Non-Class:  0 bytes
       Class:  16.00 MB
        Both:  16.00 MB

MaxMetaspaceSize: unlimited
CompressedClassSpaceSize: 1.00 GB
Initial GC threshold: 21.00 MB
Current GC threshold: 17179869184.00 GB
CDS: on
 - commit_granule_bytes: 65536.
 - commit_granule_words: 8192.
 - virtual_space_node_default_size: 8388608.
 - enlarge_chunks_in_place: 1.
 - use_allocation_guard: 0.


Internal statistics:

num_allocs_failed_limit: 0.
num_arena_births: 0.
num_arena_deaths: 0.
num_vsnodes_births: 1.
num_vsnodes_deaths: 0.
num_space_committed: 0.
num_space_uncommitted: 0.
num_chunks_returned_to_freelist: 0.
num_chunks_taken_from_freelist: 1.
num_chunk_merges: 0.
num_chunk_splits: 1.
num_chunks_enlarged: 0.
num_inconsistent_stats: 0.

CodeHeap 'non-profiled nmethods': size=120000Kb used=0Kb max_used=0Kb free=120000Kb
 bounds [0x000001dc290f0000, 0x000001dc29360000, 0x000001dc30620000]
CodeHeap 'profiled nmethods': size=120000Kb used=0Kb max_used=0Kb free=120000Kb
 bounds [0x000001dc21620000, 0x000001dc21890000, 0x000001dc28b50000]
CodeHeap 'non-nmethods': size=5760Kb used=194Kb max_used=342Kb free=5565Kb
 bounds [0x000001dc28b50000, 0x000001dc28dc0000, 0x000001dc290f0000]
CodeCache: size=245760Kb, used=194Kb, max_used=342Kb, free=245565Kb
 total_blobs=70, nmethods=0, adapters=48, full_count=0
Compilation: enabled, stopped_count=0, restarted_count=0

Compilation events (0 events):
No events

GC Heap History (0 events):
No events

Dll operation events (1 events):
Event: 0.067 Loaded shared library c:\Users\prasi\.vscode\extensions\redhat.java-1.54.0-win32-x64\jre\21.0.10-win32-x86_64\bin\java.dll

Deoptimization events (0 events):
No events

Classes loaded (0 events):
No events

Classes unloaded (0 events):
No events

Classes redefined (0 events):
No events

Internal exceptions (0 events):
No events

ZGC Phase Switch (0 events):
No events

VM Operations (0 events):
No events

Memory protections (0 events):
No events

Nmethod flushes (0 events):
No events

Events (1 events):
Event: 0.488 Thread 0x000001dc1e41dd10 Thread added: 0x000001dc1e41dd10


Dynamic libraries:
0x00007ff611980000 - 0x00007ff61198e000 	c:\Users\prasi\.vscode\extensions\redhat.java-1.54.0-win32-x64\jre\21.0.10-win32-x86_64\bin\java.exe
0x00007ff87acc0000 - 0x00007ff87af27000 	C:\WINDOWS\SYSTEM32\ntdll.dll
0x00007ff879240000 - 0x00007ff879309000 	C:\WINDOWS\System32\KERNEL32.DLL
0x00007ff8776f0000 - 0x00007ff877ae7000 	C:\WINDOWS\System32\KERNELBASE.dll
0x00007ff8787b0000 - 0x00007ff8788fb000 	C:\WINDOWS\System32\ucrtbase.dll
0x00007ff85abb0000 - 0x00007ff85abc8000 	c:\Users\prasi\.vscode\extensions\redhat.java-1.54.0-win32-x64\jre\21.0.10-win32-x86_64\bin\jli.dll
0x00007ff859350000 - 0x00007ff85936e000 	c:\Users\prasi\.vscode\extensions\redhat.java-1.54.0-win32-x64\jre\21.0.10-win32-x86_64\bin\VCRUNTIME140.dll
0x00007ff87a340000 - 0x00007ff87a506000 	C:\WINDOWS\System32\USER32.dll
0x00007ff855da0000 - 0x00007ff856032000 	C:\WINDOWS\WinSxS\amd64_microsoft.windows.common-controls_6595b64144ccf1df_6.0.26100.8457_none_3e0b2faee331e92d\COMCTL32.dll
0x00007ff878540000 - 0x00007ff878567000 	C:\WINDOWS\System32\win32u.dll
0x00007ff878ba0000 - 0x00007ff878c49000 	C:\WINDOWS\System32\msvcrt.dll
0x00007ff879130000 - 0x00007ff87915b000 	C:\WINDOWS\System32\GDI32.dll
0x00007ff877af0000 - 0x00007ff877c1c000 	C:\WINDOWS\System32\gdi32full.dll
0x00007ff878900000 - 0x00007ff8789a3000 	C:\WINDOWS\System32\msvcp_win.dll
0x00007ff8790f0000 - 0x00007ff879122000 	C:\WINDOWS\System32\IMM32.DLL
0x00007ff864020000 - 0x00007ff86402c000 	c:\Users\prasi\.vscode\extensions\redhat.java-1.54.0-win32-x64\jre\21.0.10-win32-x86_64\bin\vcruntime140_1.dll
0x00007ff84b8c0000 - 0x00007ff84b94d000 	c:\Users\prasi\.vscode\extensions\redhat.java-1.54.0-win32-x64\jre\21.0.10-win32-x86_64\bin\msvcp140.dll
0x00007ff804f50000 - 0x00007ff805cf1000 	c:\Users\prasi\.vscode\extensions\redhat.java-1.54.0-win32-x64\jre\21.0.10-win32-x86_64\bin\server\jvm.dll
0x00007ff878a50000 - 0x00007ff878b06000 	C:\WINDOWS\System32\ADVAPI32.dll
0x00007ff87aba0000 - 0x00007ff87ac47000 	C:\WINDOWS\System32\sechost.dll
0x00007ff87a220000 - 0x00007ff87a338000 	C:\WINDOWS\System32\RPCRT4.dll
0x00007ff87a9a0000 - 0x00007ff87aa20000 	C:\WINDOWS\System32\WS2_32.dll
0x00007ff877550000 - 0x00007ff8775ae000 	C:\WINDOWS\SYSTEM32\POWRPROF.dll
0x00007ff86f910000 - 0x00007ff86f946000 	C:\WINDOWS\SYSTEM32\WINMM.dll
0x00007ff867860000 - 0x00007ff86786b000 	C:\WINDOWS\SYSTEM32\VERSION.dll
0x00007ff877530000 - 0x00007ff877544000 	C:\WINDOWS\SYSTEM32\UMPDC.dll
0x00007ff876480000 - 0x00007ff87649b000 	C:\WINDOWS\SYSTEM32\kernel.appcore.dll
0x00007ff8630c0000 - 0x00007ff8630ca000 	c:\Users\prasi\.vscode\extensions\redhat.java-1.54.0-win32-x64\jre\21.0.10-win32-x86_64\bin\jimage.dll
0x00007ff874ef0000 - 0x00007ff875132000 	C:\WINDOWS\SYSTEM32\DBGHELP.DLL
0x00007ff879590000 - 0x00007ff879913000 	C:\WINDOWS\System32\combase.dll
0x00007ff879160000 - 0x00007ff879239000 	C:\WINDOWS\System32\OLEAUT32.dll
0x00007ff859640000 - 0x00007ff85967b000 	C:\WINDOWS\SYSTEM32\dbgcore.DLL
0x00007ff877c20000 - 0x00007ff877cc8000 	C:\WINDOWS\System32\bcryptPrimitives.dll
0x00007ff85b450000 - 0x00007ff85b45f000 	c:\Users\prasi\.vscode\extensions\redhat.java-1.54.0-win32-x64\jre\21.0.10-win32-x86_64\bin\instrument.dll
0x00007ff858520000 - 0x00007ff858540000 	c:\Users\prasi\.vscode\extensions\redhat.java-1.54.0-win32-x64\jre\21.0.10-win32-x86_64\bin\java.dll

JVMTI agents:
c:\Users\prasi\.vscode\extensions\redhat.java-1.54.0-win32-x64\lombok\lombok-1.18.39-4050.jar path:none, loaded, not initialized, instrumentlib options:none

dbghelp: loaded successfully - version: 4.0.5 - missing functions: none
symbol engine: initialized successfully - sym options: 0x614 - pdb path: .;c:\Users\prasi\.vscode\extensions\redhat.java-1.54.0-win32-x64\jre\21.0.10-win32-x86_64\bin;C:\WINDOWS\SYSTEM32;C:\WINDOWS\WinSxS\amd64_microsoft.windows.common-controls_6595b64144ccf1df_6.0.26100.8457_none_3e0b2faee331e92d;c:\Users\prasi\.vscode\extensions\redhat.java-1.54.0-win32-x64\jre\21.0.10-win32-x86_64\bin\server

VM Arguments:
jvm_args: --add-modules=ALL-SYSTEM --add-opens=java.base/java.util=ALL-UNNAMED --add-opens=java.base/java.lang=ALL-UNNAMED --add-opens=java.base/sun.nio.fs=ALL-UNNAMED -Declipse.application=org.eclipse.jdt.ls.core.id1 -Dosgi.bundles.defaultStartLevel=4 -Declipse.product=org.eclipse.jdt.ls.core.product -Djava.import.generatesMetadataFilesAtProjectRoot=false -DDetectVMInstallationsJob.disabled=true -Dfile.encoding=utf8 -XX:+UseParallelGC -XX:GCTimeRatio=4 -XX:AdaptiveSizePolicyWeight=90 -Dsun.zip.disableMemoryMapping=true -Xmx2G -Xms100m -Xlog:disable -javaagent:c:\Users\prasi\.vscode\extensions\redhat.java-1.54.0-win32-x64\lombok\lombok-1.18.39-4050.jar -XX:+HeapDumpOnOutOfMemoryError -XX:HeapDumpPath=c:\Users\prasi\AppData\Roaming\Code\User\workspaceStorage\51bd06cf4fd97fdaecf5e061aa176212\redhat.java -Daether.dependencyCollector.impl=bf 
java_command: c:\Users\prasi\.vscode\extensions\redhat.java-1.54.0-win32-x64\server\plugins\org.eclipse.equinox.launcher_1.7.100.v20251111-0406.jar -configuration c:\Users\prasi\AppData\Roaming\Code\User\globalStorage\redhat.java\1.54.0\config_win -data c:\Users\prasi\AppData\Roaming\Code\User\workspaceStorage\51bd06cf4fd97fdaecf5e061aa176212\redhat.java\jdt_ws --pipe=\\.\pipe\lsp-c8fc508cc654dd6a06f3616b8c197202-sock
java_class_path (initial): c:\Users\prasi\.vscode\extensions\redhat.java-1.54.0-win32-x64\server\plugins\org.eclipse.equinox.launcher_1.7.100.v20251111-0406.jar
Launcher Type: SUN_STANDARD

[Global flags]
    uintx AdaptiveSizePolicyWeight                 = 90                                        {product} {command line}
     intx CICompilerCount                          = 4                                         {product} {ergonomic}
    uintx GCTimeRatio                              = 4                                         {product} {command line}
     bool HeapDumpOnOutOfMemoryError               = true                                   {manageable} {command line}
    ccstr HeapDumpPath                             = c:\Users\prasi\AppData\Roaming\Code\User\workspaceStorage\51bd06cf4fd97fdaecf5e061aa176212\redhat.java         {manageable} {command line}
   size_t InitialHeapSize                          = 104857600                                 {product} {command line}
   size_t MaxHeapSize                              = 2147483648                                {product} {command line}
   size_t MaxNewSize                               = 715653120                                 {product} {ergonomic}
   size_t MinHeapDeltaBytes                        = 524288                                    {product} {ergonomic}
   size_t MinHeapSize                              = 104857600                                 {product} {command line}
   size_t NewSize                                  = 34603008                                  {product} {ergonomic}
    uintx NonNMethodCodeHeapSize                   = 5839372                                {pd product} {ergonomic}
    uintx NonProfiledCodeHeapSize                  = 122909434                              {pd product} {ergonomic}
   size_t OldSize                                  = 70254592                                  {product} {ergonomic}
    uintx ProfiledCodeHeapSize                     = 122909434                              {pd product} {ergonomic}
    uintx ReservedCodeCacheSize                    = 251658240                              {pd product} {ergonomic}
     bool SegmentedCodeCache                       = true                                      {product} {ergonomic}
   size_t SoftMaxHeapSize                          = 2147483648                             {manageable} {ergonomic}
     bool UseCompressedOops                        = true                           {product lp64_product} {ergonomic}
     bool UseLargePagesIndividualAllocation        = false                                  {pd product} {ergonomic}
     bool UseParallelGC                            = true                                      {product} {command line}

Logging:
Log output configuration:
 #0: stdout all=off uptime,level,tags foldmultilines=false
 #1: stderr all=off uptime,level,tags foldmultilines=false

Release file:
<release file has not been read>
Environment Variables:
PATH=C:\oraclexe\app\oracle\product\11.2.0\server\bin;;C:\Python312\Scripts\;C:\Python312\;C:\Program Files\Common Files\Oracle\Java\javapath;C:\Program Files (x86)\Common Files\Intel\Shared Libraries\redist\intel64\compiler;C:\Windows\system32;C:\Windows;C:\Windows\System32\Wbem;C:\Windows\System32\WindowsPowerShell\v1.0\;C:\Windows\System32\OpenSSH\;C:\Program Files (x86)\NVIDIA Corporation\PhysX\Common;C:\Program Files\NVIDIA Corporation\NVIDIA NvDLISR;C:\WINDOWS\system32;C:\WINDOWS;C:\WINDOWS\System32\Wbem;C:\WINDOWS\System32\WindowsPowerShell\v1.0\;C:\WINDOWS\System32\OpenSSH\;C:\Program Files\dotnet\;C:\Program Files\Git\cmd;C:\ProgramData\chocolatey\bin;C:\Program Files\nodejs\;C:\Users\prasi\AppData\Local\Microsoft\WindowsApps;C:\Users\prasi\AppData\Local\Programs\Microsoft VS Code\bin;C:\Users\prasi\AppData\Local\Programs\Python\Python313;C:\Users\prasi\AppData\Local\Programs\Python\Python313\Scripts;C:\Users\prasi\Downloads\sqlite3\;C:\Users\prasi\AppData\Roaming\npm;C:\Users\prasi\AppData\Local\GitHubDesktop\bin
USERNAME=prasi
OS=Windows_NT
PROCESSOR_IDENTIFIER=Intel64 Family 6 Model 158 Stepping 10, GenuineIntel
TMP=C:\Users\prasi\AppData\Local\Temp
TEMP=C:\Users\prasi\AppData\Local\Temp




Periodic native trim disabled

---------------  S Y S T E M  ---------------

OS:
 Windows 11 , 64 bit Build 26100 (10.0.26100.8328)
OS uptime: 5 days 19:53 hours
Hyper-V role detected

CPU: total 12 (initial active 12) (6 cores per cpu, 2 threads per core) family 6 model 158 stepping 10 microcode 0xf4, cx8, cmov, fxsr, ht, mmx, 3dnowpref, sse, sse2, sse3, ssse3, sse4.1, sse4.2, popcnt, lzcnt, tsc, tscinvbit, avx, avx2, aes, erms, clmul, bmi1, bmi2, adx, fma, vzeroupper, clflush, clflushopt, hv, rdtscp, f16c
Processor Information for the first 12 processors :
  Max Mhz: 2592, Current Mhz: 2592, Mhz Limit: 2592

Memory: 4k page, system-wide physical 16088M (2538M free)
TotalPageFile size 32470M (AvailPageFile size 14M)
current process WorkingSet (physical memory assigned to process): 27M, peak: 27M
current process commit charge ("private bytes"): 219M, peak: 220M

vm_info: OpenJDK 64-Bit Server VM (21.0.10+7-LTS) for windows-amd64 JRE (21.0.10+7-LTS), built on 2026-01-20T00:00:00Z by "admin" with MS VC++ 17.12 (VS2022)

END.
